**
(manuscript.tex
LaTeX2e <2021-11-15> patch level 1
L3 programming layer <2022-02-24> (elsarticle.cls
Document Class: elsarticle 2020/11/20, 3.3: Elsevier Ltd
(expl3.sty
Package: expl3 2022-02-24 L3 programming layer (loader) 
 (l3backend-xetex.def
File: l3backend-xetex.def 2022-02-07 L3 backend support: XeTeX
\c__kernel_sys_dvipdfmx_version_int=\count181
\l__color_backend_stack_int=\count182
\g__color_backend_stack_int=\count183
\g__graphics_track_int=\count184
\l__pdf_internal_box=\box50
\g__pdf_backend_object_int=\count185
\g__pdf_backend_annotation_int=\count186
\g__pdf_backend_link_int=\count187
)) (xparse.sty
Package: xparse 2022-01-12 L3 Experimental document command parser
) (etoolbox.sty
Package: etoolbox 2020/10/05 v2.5k e-TeX tools for LaTeX (JAW)
\etb@tempcnta=\count188
)
\@bls=\dimen138
 (article.cls
Document Class: article 2021/10/04 v1.4n Standard LaTeX document class
(size12.clo
File: size12.clo 2021/10/04 v1.4n Standard LaTeX file (size option)
)
\c@part=\count189
\c@section=\count190
\c@subsection=\count191
\c@subsubsection=\count192
\c@paragraph=\count193
\c@subparagraph=\count194
\c@figure=\count195
\c@table=\count196
\abovecaptionskip=\skip47
\belowcaptionskip=\skip48
\bibindent=\dimen139
) (graphicx.sty
Package: graphicx 2021/09/16 v1.2d Enhanced LaTeX Graphics (DPC,SPQR)
 (keyval.sty
Package: keyval 2014/10/28 v1.15 key=value parser (DPC)
\KV@toks@=\toks16
) (graphics.sty
Package: graphics 2021/03/04 v1.4d Standard LaTeX Graphics (DPC,SPQR)
 (trig.sty
Package: trig 2021/08/11 v1.11 sin cos tan (DPC)
) (graphics.cfg
File: graphics.cfg 2016/06/04 v1.11 sample graphics configuration
)
Package graphics Info: Driver file: xetex.def on input line 107.
 (xetex.def
File: xetex.def 2021/03/18 v5.0k Graphics/color driver for xetex
))
\Gin@req@height=\dimen140
\Gin@req@width=\dimen141
)
\c@tnote=\count197
\c@fnote=\count198
\c@cnote=\count199
\c@ead=\count266
\c@author=\count267
\@eadauthor=\toks17
\c@affn=\count268
\absbox=\box51
\elsarticlehighlightsbox=\box52
\elsarticlegrabsbox=\box53
\keybox=\box54
\Columnwidth=\dimen142
\space@left=\dimen143
\els@boxa=\box55
\els@boxb=\box56
\leftMargin=\dimen144
\@enLab=\toks18
\@sep=\skip49
\@@sep=\skip50
 (manuscript.spl) (natbib.sty
Package: natbib 2010/09/13 8.31b (PWD, AO)
\bibhang=\skip51
\bibsep=\skip52
LaTeX Info: Redefining \cite on input line 694.
\c@NAT@ctr=\count269
)
\splwrite=\write3
\openout3 = `manuscript.spl'.

\appnamewidth=\dimen145
) (amsmath.sty
Package: amsmath 2021/10/15 v2.17l AMS math features
\@mathmargin=\skip53

For additional information on amsmath, use the `?' option.
(amstext.sty
Package: amstext 2021/08/26 v2.01 AMS text
 (amsgen.sty
File: amsgen.sty 1999/11/30 v2.0 generic functions
\@emptytoks=\toks19
\ex@=\dimen146
)) (amsbsy.sty
Package: amsbsy 1999/11/29 v1.2d Bold Symbols
\pmbraise@=\dimen147
) (amsopn.sty
Package: amsopn 2021/08/26 v2.02 operator names
)
\inf@bad=\count270
LaTeX Info: Redefining \frac on input line 234.
\uproot@=\count271
\leftroot@=\count272
LaTeX Info: Redefining \overline on input line 399.
\classnum@=\count273
\DOTSCASE@=\count274
LaTeX Info: Redefining \ldots on input line 496.
LaTeX Info: Redefining \dots on input line 499.
LaTeX Info: Redefining \cdots on input line 620.
\Mathstrutbox@=\box57
\strutbox@=\box58
\big@size=\dimen148
LaTeX Font Info:    Redeclaring font encoding OML on input line 743.
LaTeX Font Info:    Redeclaring font encoding OMS on input line 744.
\macc@depth=\count275
\c@MaxMatrixCols=\count276
\dotsspace@=\muskip16
\c@parentequation=\count277
\dspbrk@lvl=\count278
\tag@help=\toks20
\row@=\count279
\column@=\count280
\maxfields@=\count281
\andhelp@=\toks21
\eqnshift@=\dimen149
\alignsep@=\dimen150
\tagshift@=\dimen151
\tagwidth@=\dimen152
\totwidth@=\dimen153
\lineht@=\dimen154
\@envbody=\toks22
\multlinegap=\skip54
\multlinetaggap=\skip55
\mathdisplay@stack=\toks23
LaTeX Info: Redefining \[ on input line 2938.
LaTeX Info: Redefining \] on input line 2939.
) (amssymb.sty
Package: amssymb 2013/01/14 v3.01 AMS font symbols

(amsfonts.sty
Package: amsfonts 2013/01/14 v3.01 Basic AMSFonts support
\symAMSa=\mathgroup4
\symAMSb=\mathgroup5
LaTeX Font Info:    Redeclaring math symbol \hbar on input line 98.
LaTeX Font Info:    Overwriting math alphabet `\mathfrak' in version `bold'
(Font)                  U/euf/m/n --> U/euf/b/n on input line 106.
)) (booktabs.sty
Package: booktabs 2020/01/12 v1.61803398 Publication quality tables
\heavyrulewidth=\dimen155
\lightrulewidth=\dimen156
\cmidrulewidth=\dimen157
\belowrulesep=\dimen158
\belowbottomsep=\dimen159
\aboverulesep=\dimen160
\abovetopsep=\dimen161
\cmidrulesep=\dimen162
\cmidrulekern=\dimen163
\defaultaddspace=\dimen164
\@cmidla=\count282
\@cmidlb=\count283
\@aboverulesep=\dimen165
\@belowrulesep=\dimen166
\@thisruleclass=\count284
\@lastruleclass=\count285
\@thisrulewidth=\dimen167
) (enumitem.sty
Package: enumitem 2019/06/20 v3.9 Customized lists
\labelindent=\skip56
\enit@outerparindent=\dimen168
\enit@toks=\toks24
\enit@inbox=\box59
\enit@count@id=\count286
\enitdp@description=\count287
) (lineno.sty
Package: lineno 2005/11/02 line numbers on paragraphs v4.41
Invalid UTF-8 byte or sequence at line 296 replaced by U+FFFD.
\linenopenalty=\count288
\output=\toks25
\linenoprevgraf=\count289
\linenumbersep=\dimen169
\linenumberwidth=\dimen170
\c@linenumber=\count290
\c@pagewiselinenumber=\count291
\c@LN@truepage=\count292
\c@internallinenumber=\count293
\c@internallinenumbers=\count294
\quotelinenumbersep=\dimen171
\bframerule=\dimen172
\bframesep=\dimen173
\bframebox=\box60
LaTeX Info: Redefining \\ on input line 3056.
) (microtype.sty
Package: microtype 2022/03/14 v3.0d Micro-typographical refinements (RS)
\MT@toks=\toks26
\MT@tempbox=\box61
\MT@count=\count295
LaTeX Info: Redefining \noprotrusionifhmode on input line 1027.
LaTeX Info: Redefining \leftprotrusion on input line 1028.
LaTeX Info: Redefining \rightprotrusion on input line 1036.
LaTeX Info: Redefining \textls on input line 1195.
\MT@outer@kern=\dimen174
LaTeX Info: Redefining \textmicrotypecontext on input line 1781.
\MT@listname@count=\count296

(microtype-xetex.def
File: microtype-xetex.def 2022/03/14 v3.0d Definitions specific to xetex (RS)
LaTeX Info: Redefining \lsstyle on input line 236.
)
Package microtype Info: Loading configuration file microtype.cfg.
 (microtype.cfg
File: microtype.cfg 2022/03/14 v3.0d microtype main configuration file (RS)
)) (multirow.sty
Package: multirow 2021/03/15 v2.8 Span multiple rows of a table
\multirow@colwidth=\skip57
\multirow@cntb=\count297
\multirow@dima=\skip58
\bigstrutjot=\dimen175
) (placeins.sty
Package: placeins 2005/04/18  v 2.2
)
(xcolor.sty
Package: xcolor 2021/10/31 v2.13 LaTeX color extensions (UK)
 (color.cfg
File: color.cfg 2016/01/02 v1.6 sample color configuration
)
Package xcolor Info: Driver file: xetex.def on input line 227.
Package xcolor Info: Model `cmy' substituted by `cmy0' on input line 1352.
Package xcolor Info: Model `RGB' extended on input line 1368.
Package xcolor Info: Model `HTML' substituted by `rgb' on input line 1370.
Package xcolor Info: Model `Hsb' substituted by `hsb' on input line 1371.
Package xcolor Info: Model `tHsb' substituted by `hsb' on input line 1372.
Package xcolor Info: Model `HSB' substituted by `hsb' on input line 1373.
Package xcolor Info: Model `Gray' substituted by `gray' on input line 1374.
Package xcolor Info: Model `wave' substituted by `hsb' on input line 1375.
) (hyperref.sty
Package: hyperref 2022-02-21 v7.00n Hypertext links for LaTeX
 (ltxcmds.sty
Package: ltxcmds 2020-05-10 v1.25 LaTeX kernel commands for general use (HO)
) (iftex.sty
Package: iftex 2022/02/03 v1.0f TeX engine tests
)
(pdftexcmds.sty
Package: pdftexcmds 2020-06-27 v0.33 Utility functions of pdfTeX for LuaTeX (HO
)
 (infwarerr.sty
Package: infwarerr 2019/12/03 v1.5 Providing info/warning/error messages (HO)
)
Package pdftexcmds Info: \pdf@primitive is available.
Package pdftexcmds Info: \pdf@ifprimitive is available.
Package pdftexcmds Info: \pdfdraftmode not found.
) (kvsetkeys.sty
Package: kvsetkeys 2019/12/15 v1.18 Key value parser (HO)
) (kvdefinekeys.sty
Package: kvdefinekeys 2019-12-19 v1.6 Define keys (HO)
)
(pdfescape.sty
Package: pdfescape 2019/12/09 v1.15 Implements pdfTeX's escape features (HO)
) (hycolor.sty
Package: hycolor 2020-01-27 v1.10 Color options for hyperref/bookmark (HO)
) (letltxmacro.sty
Package: letltxmacro 2019/12/03 v1.6 Let assignment for LaTeX macros (HO)
) (auxhook.sty
Package: auxhook 2019-12-17 v1.6 Hooks for auxiliary files (HO)
) (kvoptions.sty
Package: kvoptions 2020-10-07 v3.14 Key value format for package options (HO)
)
\@linkdim=\dimen176
\Hy@linkcounter=\count298
\Hy@pagecounter=\count299

(pd1enc.def
File: pd1enc.def 2022-02-21 v7.00n Hyperref: PDFDocEncoding definition (HO)
) (intcalc.sty
Package: intcalc 2019/12/15 v1.3 Expandable calculations with integers (HO)
) (etexcmds.sty
Package: etexcmds 2019/12/15 v1.7 Avoid name clashes with e-TeX commands (HO)
)
\Hy@SavedSpaceFactor=\count300
 (puenc.def
File: puenc.def 2022-02-21 v7.00n Hyperref: PDF Unicode definition (HO)
)
Package hyperref Info: Hyper figures OFF on input line 4137.
Package hyperref Info: Link nesting OFF on input line 4142.
Package hyperref Info: Hyper index ON on input line 4145.
Package hyperref Info: Plain pages OFF on input line 4152.
Package hyperref Info: Backreferencing OFF on input line 4157.
Package hyperref Info: Implicit mode ON; LaTeX internals redefined.
Package hyperref Info: Bookmarks ON on input line 4390.
\c@Hy@tempcnt=\count301
 (url.sty
\Urlmuskip=\muskip17
Package: url 2013/09/16  ver 3.4  Verb mode for urls, etc.
)
LaTeX Info: Redefining \url on input line 4749.
\XeTeXLinkMargin=\dimen177
 (bitset.sty
Package: bitset 2019/12/09 v1.3 Handle bit-vector datatype (HO)

(bigintcalc.sty
Package: bigintcalc 2019/12/15 v1.5 Expandable calculations on big integers (HO
)
))
\Fld@menulength=\count302
\Field@Width=\dimen178
\Fld@charsize=\dimen179
Package hyperref Info: Hyper figures OFF on input line 6027.
Package hyperref Info: Link nesting OFF on input line 6032.
Package hyperref Info: Hyper index ON on input line 6035.
Package hyperref Info: backreferencing OFF on input line 6042.
Package hyperref Info: Link coloring OFF on input line 6047.
Package hyperref Info: Link coloring with OCG OFF on input line 6052.
Package hyperref Info: PDF/A mode OFF on input line 6057.
LaTeX Info: Redefining \ref on input line 6097.
LaTeX Info: Redefining \pageref on input line 6101.
 (atbegshi-ltx.sty
Package: atbegshi-ltx 2021/01/10 v1.0c Emulation of the original atbegshi
package with kernel methods
)
\Hy@abspage=\count303
\c@Item=\count304
\c@Hfootnote=\count305
)
Package hyperref Info: Driver (autodetected): hxetex.
 (hxetex.def
File: hxetex.def 2022-02-21 v7.00n Hyperref driver for XeTeX
 (stringenc.sty
Package: stringenc 2019/11/29 v1.12 Convert strings between diff. encodings (HO
)
)
\pdfm@box=\box62
\c@Hy@AnnotLevel=\count306
\HyField@AnnotCount=\count307
\Fld@listcount=\count308
\c@bookmark@seq@number=\count309

(rerunfilecheck.sty
Package: rerunfilecheck 2019/12/05 v1.9 Rerun checks for auxiliary files (HO)
 (atveryend-ltx.sty
Package: atveryend-ltx 2020/08/19 v1.0a Emulation of the original atveryend pac
kage
with kernel methods
) (uniquecounter.sty
Package: uniquecounter 2019/12/15 v1.4 Provide unlimited unique counter (HO)
)
Package uniquecounter Info: New unique counter `rerunfilecheck' on input line 2
86.
)
\Hy@SectionHShift=\skip59
) (cleveref.sty
Package: cleveref 2018/03/27 v0.21.4 Intelligent cross-referencing
Package cleveref Info: `hyperref' support loaded on input line 2370.
LaTeX Info: Redefining \cref on input line 2370.
LaTeX Info: Redefining \Cref on input line 2370.
LaTeX Info: Redefining \crefrange on input line 2370.
LaTeX Info: Redefining \Crefrange on input line 2370.
LaTeX Info: Redefining \cpageref on input line 2370.
LaTeX Info: Redefining \Cpageref on input line 2370.
LaTeX Info: Redefining \cpagerefrange on input line 2370.
LaTeX Info: Redefining \Cpagerefrange on input line 2370.
LaTeX Info: Redefining \labelcref on input line 2370.
LaTeX Info: Redefining \labelcpageref on input line 2370.
Package cleveref Info: include cross-reference names in hyperlinks on input lin
e 7836.
Package cleveref Info: include cross-reference names in hyperlinks on input lin
e 7852.
Package cleveref Info: no abbreviation of names on input line 7852.
)
(manuscript.aux)
\openout1 = `manuscript.aux'.

LaTeX Font Info:    Checking defaults for OML/cmm/m/it on input line 38.
LaTeX Font Info:    ... okay on input line 38.
LaTeX Font Info:    Checking defaults for OMS/cmsy/m/n on input line 38.
LaTeX Font Info:    ... okay on input line 38.
LaTeX Font Info:    Checking defaults for OT1/cmr/m/n on input line 38.
LaTeX Font Info:    ... okay on input line 38.
LaTeX Font Info:    Checking defaults for T1/cmr/m/n on input line 38.
LaTeX Font Info:    ... okay on input line 38.
LaTeX Font Info:    Checking defaults for TS1/cmr/m/n on input line 38.
LaTeX Font Info:    Trying to load font information for TS1+cmr on input line 3
8.
 (ts1cmr.fd
File: ts1cmr.fd 2019/12/16 v2.5j Standard LaTeX font definitions
)
LaTeX Font Info:    ... okay on input line 38.
LaTeX Font Info:    Checking defaults for TU/lmr/m/n on input line 38.
LaTeX Font Info:    ... okay on input line 38.
LaTeX Font Info:    Checking defaults for OMX/cmex/m/n on input line 38.
LaTeX Font Info:    ... okay on input line 38.
LaTeX Font Info:    Checking defaults for U/cmr/m/n on input line 38.
LaTeX Font Info:    ... okay on input line 38.
LaTeX Font Info:    Checking defaults for PD1/pdf/m/n on input line 38.
LaTeX Font Info:    ... okay on input line 38.
LaTeX Font Info:    Checking defaults for PU/pdf/m/n on input line 38.
LaTeX Font Info:    ... okay on input line 38.
LaTeX Info: Redefining \microtypecontext on input line 38.
Package microtype Info: Applying patch `item' on input line 38.
Package microtype Info: Applying patch `toc' on input line 38.
Package microtype Info: Applying patch `eqnum' on input line 38.
Package microtype Info: Applying patch `footnote' on input line 38.
Package microtype Info: Character protrusion enabled (level 2).
Package microtype Info: Using default protrusion set `alltext'.
Package microtype Info: No adjustment of tracking.
Package microtype Info: No adjustment of spacing.
Package microtype Info: No adjustment of kerning.
 (mt-LatinModernRoman.cfg
File: mt-LatinModernRoman.cfg 2021/02/21 v1.1 microtype config. file: Latin Mod
ern Roman (RS)
)
Package hyperref Info: Link coloring OFF on input line 38.
 (nameref.sty
Package: nameref 2021-04-02 v2.47 Cross-referencing by name of section

(refcount.sty
Package: refcount 2019/12/15 v3.6 Data extraction from label references (HO)
) (gettitlestring.sty
Package: gettitlestring 2019/12/15 v1.6 Cleanup title references (HO)
)
\c@section@level=\count310
)
LaTeX Info: Redefining \ref on input line 38.
LaTeX Info: Redefining \pageref on input line 38.
LaTeX Info: Redefining \nameref on input line 38.
 (manuscript.out) (manuscript.out)
\@outlinefile=\write4
\openout4 = `manuscript.out'.


(sections/01-introduction
Package microtype Info: Loading generic protrusion settings for font family
(microtype)             `lmss' (encoding: TU).
(microtype)             For optimal results, create family-specific settings.
(microtype)             See the microtype manual for details.
 (mt-cmr.cfg
File: mt-cmr.cfg 2013/05/19 v2.2 microtype config. file: Computer Modern Roman 
(RS)
)
LaTeX Font Info:    Trying to load font information for U+msa on input line 1.
 (umsa.fd
File: umsa.fd 2013/01/14 v3.01 AMS symbols A
) (mt-msa.cfg
File: mt-msa.cfg 2006/02/04 v1.1 microtype config. file: AMS symbols (a) (RS)
)
LaTeX Font Info:    Trying to load font information for U+msb on input line 1.
 (umsb.fd
File: umsb.fd 2013/01/14 v3.01 AMS symbols B
)
(mt-msb.cfg
File: mt-msb.cfg 2005/06/01 v1.0 microtype config. file: AMS symbols (b) (RS)
)
Overfull \hbox (2.608pt too wide) has occurred while \output is active
[] 
 []

[1


] [2] [3] [4]) (sections/02-related-work [5] [6] [7]
Overfull \hbox (0.24619pt too wide) in paragraph at lines 151--165
\TU/lmr/m/n/12 and object dynamics [[]]. In a construction scene, the coupling 
extends across
 []

[8] [9] [10]) (sections/03-problem-definition [11]) (sections/04-methodology
[12]
Package microtype Info: Loading generic protrusion settings for font family
(microtype)             `lmtt' (encoding: TU).
(microtype)             For optimal results, create family-specific settings.
(microtype)             See the microtype manual for details.

Underfull \hbox (badness 10000) in paragraph at lines 138--138
[]\TU/lmr/m/n/10.95 Deterministic
 []


Underfull \hbox (badness 1436) in paragraph at lines 138--138
[]\TU/lmr/m/n/10.95 IFC GUID, USD
 []


Underfull \hbox (badness 6542) in paragraph at lines 138--138
\TU/lmr/m/n/10.95 reference reso-
 []


Underfull \hbox (badness 6220) in paragraph at lines 138--138
[]\TU/lmr/m/n/10.95 Wrong or unre-
 []


Underfull \hbox (badness 5711) in paragraph at lines 138--138
[]\TU/lmr/m/n/10.95 Spatial con-
 []


Underfull \hbox (badness 10000) in paragraph at lines 138--138
[]\TU/lmr/m/n/10.95 Units, up axis,
 []


Underfull \hbox (badness 1005) in paragraph at lines 138--138
\TU/lmr/m/n/10.95 frames, transform
 []


Underfull \hbox (badness 7631) in paragraph at lines 138--138
\TU/lmr/m/n/10.95 chain, work-zone
 []


Underfull \hbox (badness 10000) in paragraph at lines 138--138
[]\TU/lmr/m/n/10.95 Unreachable or
 []


Underfull \hbox (badness 10000) in paragraph at lines 138--138
[]\TU/lmr/m/n/10.95 Paired interface,
 []


Underfull \hbox (badness 6001) in paragraph at lines 138--138
\TU/lmr/m/n/10.95 relational con-
 []


Underfull \hbox (badness 10000) in paragraph at lines 138--138
[]\TU/lmr/m/n/10.95 False alignment
 []


Underfull \hbox (badness 10000) in paragraph at lines 138--138
[]\TU/lmr/m/n/10.95 Construction
 []


Underfull \hbox (badness 10000) in paragraph at lines 138--138
[]\TU/lmr/m/n/10.95 Current state,
 []


Underfull \hbox (badness 10000) in paragraph at lines 138--138
\TU/lmr/m/n/10.95 legal predecessor,
 []


Underfull \hbox (badness 10000) in paragraph at lines 138--138
\TU/lmr/m/n/10.95 action precondi-
 []


Underfull \hbox (badness 10000) in paragraph at lines 138--138
\TU/lmr/m/n/10.95 tion, completion
 []


Underfull \hbox (badness 10000) in paragraph at lines 138--138
[]\TU/lmr/m/n/10.95 State-machine
 []


Underfull \hbox (badness 1533) in paragraph at lines 138--138
[]\TU/lmr/m/n/10.95 Unsafe or mean-
 []


Underfull \hbox (badness 2809) in paragraph at lines 138--138
[]\TU/lmr/m/n/10.95 Physics and
 []


Underfull \hbox (badness 10000) in paragraph at lines 138--138
[]\TU/lmr/m/n/10.95 Mass, inertia,
 []


Underfull \hbox (badness 10000) in paragraph at lines 138--138
\TU/lmr/m/n/10.95 collision, contact
 []


Underfull \hbox (badness 10000) in paragraph at lines 138--138
\TU/lmr/m/n/10.95 property, tempo-
 []


Underfull \hbox (badness 10000) in paragraph at lines 138--138
[]\TU/lmr/m/n/10.95 Critical
 []


Underfull \hbox (badness 10000) in paragraph at lines 138--138
\TU/lmr/m/n/10.95 or ma-
 []


Underfull \hbox (badness 10000) in paragraph at lines 138--138
[]\TU/lmr/m/n/10.95 Unstable or
 []


Underfull \hbox (badness 1184) in paragraph at lines 138--138
\TU/lmr/m/n/10.95 non-physical sim-
 []


Underfull \hbox (badness 10000) in paragraph at lines 138--138
[]\TU/lmr/m/n/10.95 Provenance
 []


Underfull \hbox (badness 10000) in paragraph at lines 138--138
[]\TU/lmr/m/n/10.95 Property source,
 []


Underfull \hbox (badness 1571) in paragraph at lines 138--138
\TU/lmr/m/n/10.95 confidence, uncer-
 []


Underfull \hbox (badness 10000) in paragraph at lines 138--138
\TU/lmr/m/n/10.95 tainty, activated
 []


Underfull \hbox (badness 4156) in paragraph at lines 138--138
[]\TU/lmr/m/n/10.95 Authority and
 []


Underfull \hbox (badness 10000) in paragraph at lines 138--138
\TU/lmr/m/n/10.95 task-fidelity
 []


Underfull \hbox (badness 10000) in paragraph at lines 138--138
[]\TU/lmr/m/n/10.95 Unauditable re-
 []


Underfull \hbox (badness 10000) in paragraph at lines 138--138
\TU/lmr/m/n/10.95 sult or hidden
 []

[13]) (sections/05-implementation [14] [15] [16] [17])
(sections/06-experimental-design [18

]
Underfull \hbox (badness 10000) in paragraph at lines 56--56
[]\TU/lmr/m/n/10.95 Faulted
 []


Underfull \hbox (badness 2799) in paragraph at lines 56--56
[]\TU/lmr/m/n/10.95 Primary out-
 []


Underfull \hbox (badness 10000) in paragraph at lines 56--56
[]\TU/lmr/m/n/10.95 Connection-
 []


Underfull \hbox (badness 5189) in paragraph at lines 56--56
\TU/lmr/m/n/10.95 plate position-
 []


Underfull \hbox (badness 10000) in paragraph at lines 56--56
[]\TU/lmr/m/n/10.95 Component size,
 []


Underfull \hbox (badness 10000) in paragraph at lines 56--56
\TU/lmr/m/n/10.95 pose, target
 []


Underfull \hbox (badness 10000) in paragraph at lines 56--56
[]\TU/lmr/m/n/10.95 Fixed base;
 []


Underfull \hbox (badness 10000) in paragraph at lines 56--56
\TU/lmr/m/n/10.95 whole body;
 []


Underfull \hbox (badness 1152) in paragraph at lines 56--56
[][]\TU/lmr/m/it/10.95 TBD after
 []


Underfull \hbox (badness 10000) in paragraph at lines 56--56
[]\TU/lmr/m/n/10.95 Placement
 []


Underfull \hbox (badness 10000) in paragraph at lines 56--56
\TU/lmr/m/n/10.95 pose and
 []


Underfull \hbox (badness 1221) in paragraph at lines 56--56
\TU/lmr/m/n/10.95 state comple-
 []


Underfull \hbox (badness 7722) in paragraph at lines 56--56
[]\TU/lmr/m/n/10.95 Simplified pin
 []


Underfull \hbox (badness 10000) in paragraph at lines 56--56
[]\TU/lmr/m/n/10.95 Interface axis,
 []


Underfull \hbox (badness 10000) in paragraph at lines 56--56
\TU/lmr/m/n/10.95 clearance, fric-
 []


Underfull \hbox (badness 10000) in paragraph at lines 56--56
\TU/lmr/m/n/10.95 tion, initial
 []


Underfull \hbox (badness 10000) in paragraph at lines 56--56
[]\TU/lmr/m/n/10.95 Fixed base;
 []


Underfull \hbox (badness 10000) in paragraph at lines 56--56
\TU/lmr/m/n/10.95 whole body;
 []


Underfull \hbox (badness 1152) in paragraph at lines 56--56
[][]\TU/lmr/m/it/10.95 TBD after
 []


Underfull \hbox (badness 10000) in paragraph at lines 56--56
[]\TU/lmr/m/n/10.95 Insertion
 []


Underfull \hbox (badness 10000) in paragraph at lines 56--56
\TU/lmr/m/n/10.95 depth with-
 []


Underfull \hbox (badness 10000) in paragraph at lines 56--56
[]\TU/lmr/m/n/10.95 Sequential as-
 []


Underfull \hbox (badness 10000) in paragraph at lines 56--56
[]\TU/lmr/m/n/10.95 Component or-
 []


Underfull \hbox (badness 10000) in paragraph at lines 56--56
\TU/lmr/m/n/10.95 der, temporary
 []


Underfull \hbox (badness 10000) in paragraph at lines 56--56
\TU/lmr/m/n/10.95 support, path
 []


Underfull \hbox (badness 10000) in paragraph at lines 56--56
[]\TU/lmr/m/n/10.95 Fixed base;
 []


Underfull \hbox (badness 10000) in paragraph at lines 56--56
\TU/lmr/m/n/10.95 whole body;
 []


Underfull \hbox (badness 1152) in paragraph at lines 56--56
[][]\TU/lmr/m/it/10.95 TBD after
 []


Underfull \hbox (badness 6412) in paragraph at lines 56--56
[]\TU/lmr/m/n/10.95 Complete le-
 []


Underfull \hbox (badness 5862) in paragraph at lines 56--56
\TU/lmr/m/n/10.95 gal task se-
 []

[19]
Underfull \hbox (badness 10000) in paragraph at lines 119--119
[]\TU/lmr/m/n/10.95 Direct conver-
 []


Underfull \hbox (badness 10000) in paragraph at lines 119--119
[]\TU/lmr/m/n/10.95 Unconstrained
 []

) (sections/07-results [20] [21] (sections/07-results-subsection
Underfull \hbox (badness 1400) in paragraph at lines 40--40
[]\TU/lmr/m/n/10.95 Geometry, hole
 []


Underfull \hbox (badness 1400) in paragraph at lines 41--41
[]\TU/lmr/m/n/10.95 Geometry, hole
 []


Underfull \hbox (badness 1400) in paragraph at lines 42--42
[]\TU/lmr/m/n/10.95 Geometry, hole
 []


Underfull \hbox (badness 10000) in paragraph at lines 43--43
[]\TU/lmr/m/n/10.95 whole node
 []


Underfull \hbox (badness 2393) in paragraph at lines 44--44
[]\TU/lmr/m/n/10.95 Assembly inter-
 []


Underfull \hbox (badness 10000) in paragraph at lines 44--44
[]\TU/lmr/m/n/10.95 radial clearance
 []


Underfull \hbox (badness 2393) in paragraph at lines 45--45
[]\TU/lmr/m/n/10.95 Assembly inter-
 []


Underfull \hbox (badness 10000) in paragraph at lines 45--45
[]\TU/lmr/m/n/10.95 radial clearance
 []


Underfull \hbox (badness 2393) in paragraph at lines 46--46
[]\TU/lmr/m/n/10.95 Assembly inter-
 []


Underfull \hbox (badness 10000) in paragraph at lines 46--46
[]\TU/lmr/m/n/10.95 radial clearance
 []


Underfull \hbox (badness 10000) in paragraph at lines 47--47
[]\TU/lmr/m/n/10.95 Semantic iden-
 []


Underfull \hbox (badness 10000) in paragraph at lines 48--48
[]\TU/lmr/m/n/10.95 Semantic iden-
 []


Underfull \hbox (badness 10000) in paragraph at lines 50--50
[]\TU/lmr/m/n/10.95 Construction
 []


Underfull \hbox (badness 1648) in paragraph at lines 51--51
[]\TU/lmr/m/n/10.95 bolt mass $\OMS/cmsy/m/n/10.95 ^^B\OT1/cmr/m/n/10.95 0\OML/
cmm/m/it/10.95 :\OT1/cmr/m/n/10.95 5$ \TU/lmr/m/n/10.95 /
 []

[22]) [23]
Underfull \hbox (badness 10000) in paragraph at lines 82--82
[]\TU/lmr/m/n/10.95 Direct conver-
 []


Underfull \hbox (badness 10000) in paragraph at lines 82--82
[]\TU/lmr/m/n/10.95 Free-form
 []


Underfull \hbox (badness 10000) in paragraph at lines 94--94
[]\TU/lmr/m/it/10.95 Planned evidence:  \TU/lmtt/m/it/10.95 resource_efficiency
.csv \TU/lmr/m/it/10.95 and
 []


Underfull \hbox (badness 1783) in paragraph at lines 94--94
\TU/lmtt/m/it/10.95 task_outcomes.csv \TU/lmr/m/it/10.95 from RTX batch runs. P
ython source,
 []


Underfull \hbox (badness 10000) in paragraph at lines 126--126
[]\TU/lmr/m/n/10.95 Direct/all
 []


Underfull \hbox (badness 10000) in paragraph at lines 126--126
[]\TU/lmr/m/n/10.95 Free-form
 []


Underfull \hbox (badness 10000) in paragraph at lines 154--154
[]\TU/lmr/m/n/10.95 Source authority
 []


Underfull \hbox (badness 10000) in paragraph at lines 154--154
\TU/lmr/m/n/10.95 action precondi-
 []


Underfull \hbox (badness 10000) in paragraph at lines 154--154
[]\TU/lmr/m/n/10.95 Task-triggered
 []


Underfull \hbox (badness 3601) in paragraph at lines 154--154
[]\TU/lmr/m/n/10.95 Free-form diagnos-
 []


Underfull \hbox (badness 7221) in paragraph at lines 154--154
[]\TU/lmr/m/n/10.95 Typed diagnostic
 []

) (sections/08-discussion [24] [25] [26] [27] [28

] [29])
(sections/09-conclusion [30]) (manuscript.bbl [31]
Underfull \hbox (badness 10000) in paragraph at lines 61--64
[]\TU/lmr/m/n/12 NVIDIA Corporation, The simready standardization work-
 []


Underfull \hbox (badness 10000) in paragraph at lines 61--64
\TU/lmr/m/n/12 flow, []$[][][][][] [] [] [] [][][][] [] [][][][][][][][][] [] [
][][][][][] [] [][][] [] [][][][][][][][] [] [][][][][][] []
 []

[32]
Underfull \hbox (badness 6725) in paragraph at lines 66--69
[]\TU/lmr/m/n/12 NVIDIA Corporation, Simready faq, []$[][][][][] [] [] [] [][][
][] [] [][][][][][][][][] []
 []

[33] [34] [35] [36]
Underfull \hbox (badness 1596) in paragraph at lines 351--356
\TU/lmr/m/n/12 GPT: RoboGPT, Buildings 13 (7) (2023) 1772.  []$[][][] [] [][] [
] [][][][] []
 []

[37] [38]) [39] (manuscript.aux)
Package rerunfilecheck Info: File `manuscript.out' has not changed.
(rerunfilecheck)             Checksum: 3F8C7E21CAB7C24B4FBA9864675061FA;5876.
 )
Output written on manuscript.xdv (39 pages, 888824 bytes).
